nohup: ignoring input
validation static reference: sla=0.5927
episode=000 upper_loss=341.9261 lower_loss=3.0979 sla=0.7412 migrations=7.0 reward=-54.540
  upper=41 keep=20 immediate=5 delayed=16 pending_exec=16 pending_cancel=0
  scope: link=2 partial=8 full=11 | lower: ok=8 fail=11 routing_fail=14 rollback=14
  execution stages: {'accepted': 7, 'no_candidate_host': 11, 'no_feasible_route': 2, 'preserved_path_infeasible': 1}
  accepted=7 avg_risk_delta=-0.0013 avg_cost=0.648 avg_disruption=0.929
  component risk delta: node=-0.0013 link=-0.0035
  scope accepted rate: link=0.500 partial=0.500 full=0.182
  risk quality: improved=0.571 worsened=0.286 unchanged=0.143 mean_negative=-0.0136
  reward weighted: risk=-2.506 cost=-4.534 disruption=-6.500 sla=-13.000 future_sla=-14.000 failure=-14.000 per_upper=-1.330
  reward raw: risk=-0.125 cost=-4.534 disruption=-6.500 sla=-13.000 future_sla=-14.000 failure=-14.000
  KEEP risk exposure: total=0.092 per_keep=0.005
  reward per execution: risk=-0.032 cost=-0.216 sla=-0.619 failure=-0.667
episode=001 upper_loss=1424.2749 lower_loss=17.0023 sla=0.5342 migrations=7.0 reward=-119.866
  upper=43 keep=22 immediate=12 delayed=9 pending_exec=9 pending_cancel=0
  scope: link=3 partial=7 full=11 | lower: ok=6 fail=12 routing_fail=14 rollback=14
  execution stages: {'accepted': 7, 'fixed_node_infeasible': 1, 'no_candidate_host': 12, 'no_feasible_route': 1}
  accepted=7 avg_risk_delta=-0.0112 avg_cost=0.694 avg_disruption=0.929
  component risk delta: node=-0.0061 link=-0.0632
  scope accepted rate: link=0.333 partial=0.429 full=0.273
  risk quality: improved=0.571 worsened=0.286 unchanged=0.143 mean_negative=-0.0495
  reward weighted: risk=-66.510 cost=-4.856 disruption=-6.500 sla=-13.000 future_sla=-15.000 failure=-14.000 per_upper=-2.788
  reward raw: risk=-3.326 cost=-4.856 disruption=-6.500 sla=-13.000 future_sla=-15.000 failure=-14.000
  KEEP risk exposure: total=2.841 per_keep=0.129
  reward per execution: risk=-0.462 cost=-0.231 sla=-0.619 failure=-0.667
episode=002 upper_loss=196.5506 lower_loss=3.9189 sla=0.5572 migrations=8.0 reward=-48.333
  upper=43 keep=23 immediate=6 delayed=14 pending_exec=14 pending_cancel=0
  scope: link=1 partial=6 full=13 | lower: ok=9 fail=10 routing_fail=12 rollback=12
  execution stages: {'accepted': 8, 'no_candidate_host': 10, 'no_feasible_route': 2}
  accepted=8 avg_risk_delta=-0.0032 avg_cost=0.729 avg_disruption=0.938
  component risk delta: node=-0.0032 link=-0.0021
  scope accepted rate: link=1.000 partial=0.667 full=0.231
  risk quality: improved=0.625 worsened=0.250 unchanged=0.125 mean_negative=-0.0461
  reward weighted: risk=-7.998 cost=-5.835 disruption=-7.500 sla=-4.000 future_sla=-11.000 failure=-12.000 per_upper=-1.124
  reward raw: risk=-0.400 cost=-5.835 disruption=-7.500 sla=-4.000 future_sla=-11.000 failure=-12.000
  KEEP risk exposure: total=0.357 per_keep=0.016
  reward per execution: risk=-0.043 cost=-0.292 sla=-0.200 failure=-0.600
episode=003 upper_loss=321.6969 lower_loss=7.0365 sla=0.5871 migrations=8.0 reward=-57.385
  upper=45 keep=24 immediate=6 delayed=15 pending_exec=15 pending_cancel=0
  scope: link=2 partial=9 full=10 | lower: ok=8 fail=11 routing_fail=13 rollback=13
  execution stages: {'accepted': 8, 'no_candidate_host': 11, 'preserved_path_infeasible': 2}
  accepted=8 avg_risk_delta=+0.0015 avg_cost=0.797 avg_disruption=1.000
  component risk delta: node=+0.0015 link=+0.0107
  scope accepted rate: link=0.000 partial=0.556 full=0.300
  risk quality: improved=0.500 worsened=0.500 unchanged=0.000 mean_negative=-0.0235
  reward weighted: risk=-4.677 cost=-6.374 disruption=-8.000 sla=-14.000 future_sla=-11.333 failure=-13.000 per_upper=-1.275
  reward raw: risk=-0.234 cost=-6.374 disruption=-8.000 sla=-14.000 future_sla=-11.333 failure=-13.000
  KEEP risk exposure: total=0.331 per_keep=0.014
  reward per execution: risk=+0.093 cost=-0.304 sla=-0.667 failure=-0.619
episode=004 upper_loss=199.0784 lower_loss=2.8508 sla=0.6279 migrations=10.0 reward=-48.868
  upper=43 keep=21 immediate=11 delayed=11 pending_exec=11 pending_cancel=0
  scope: link=7 partial=6 full=9 | lower: ok=8 fail=7 routing_fail=11 rollback=12
  execution stages: {'accepted': 10, 'fixed_node_infeasible': 2, 'no_candidate_host': 7, 'no_feasible_route': 2, 'unchanged': 1}
  accepted=10 avg_risk_delta=-0.0049 avg_cost=0.472 avg_disruption=0.800
  component risk delta: node=-0.0049 link=-0.0061
  scope accepted rate: link=0.571 partial=0.667 full=0.222
  risk quality: improved=0.200 worsened=0.400 unchanged=0.400 mean_negative=-0.0160
  reward weighted: risk=-4.143 cost=-4.725 disruption=-8.000 sla=-12.000 future_sla=-8.000 failure=-12.000 per_upper=-1.136
  reward raw: risk=-0.207 cost=-4.725 disruption=-8.000 sla=-12.000 future_sla=-8.000 failure=-12.000
  KEEP risk exposure: total=0.098 per_keep=0.005
  reward per execution: risk=-0.100 cost=-0.215 sla=-0.545 failure=-0.545
episode=005 upper_loss=260.5696 lower_loss=4.5793 sla=0.5743 migrations=7.0 reward=-51.942
  upper=49 keep=30 immediate=6 delayed=13 pending_exec=13 pending_cancel=0
  scope: link=2 partial=12 full=5 | lower: ok=7 fail=10 routing_fail=12 rollback=12
  execution stages: {'accepted': 7, 'no_candidate_host': 10, 'no_feasible_route': 2}
  accepted=7 avg_risk_delta=-0.0113 avg_cost=0.590 avg_disruption=0.857
  component risk delta: node=-0.0113 link=-0.0444
  scope accepted rate: link=1.000 partial=0.417 full=0.000
  risk quality: improved=0.143 worsened=0.571 unchanged=0.286 mean_negative=-0.0216
  reward weighted: risk=-10.808 cost=-4.133 disruption=-6.000 sla=-8.000 future_sla=-11.000 failure=-12.000 per_upper=-1.060
  reward raw: risk=-0.540 cost=-4.133 disruption=-6.000 sla=-8.000 future_sla=-11.000 failure=-12.000
  KEEP risk exposure: total=0.151 per_keep=0.005
  reward per execution: risk=-0.410 cost=-0.218 sla=-0.421 failure=-0.632
episode=006 upper_loss=361.5341 lower_loss=3.2936 sla=0.6104 migrations=9.0 reward=-58.790
  upper=39 keep=14 immediate=8 delayed=17 pending_exec=17 pending_cancel=0
  scope: link=5 partial=11 full=9 | lower: ok=10 fail=10 routing_fail=15 rollback=16
  execution stages: {'accepted': 9, 'fixed_node_infeasible': 1, 'no_candidate_host': 10, 'no_feasible_route': 3, 'preserved_path_infeasible': 1, 'unchanged': 1}
  accepted=9 avg_risk_delta=-0.0042 avg_cost=0.648 avg_disruption=0.944
  component risk delta: node=-0.0042 link=-0.0006
  scope accepted rate: link=0.200 partial=0.545 full=0.222
  risk quality: improved=0.444 worsened=0.444 unchanged=0.111 mean_negative=-0.0226
  reward weighted: risk=-4.462 cost=-5.828 disruption=-8.500 sla=-16.000 future_sla=-8.000 failure=-16.000 per_upper=-1.507
  reward raw: risk=-0.223 cost=-5.828 disruption=-8.500 sla=-16.000 future_sla=-8.000 failure=-16.000
  KEEP risk exposure: total=0.180 per_keep=0.013
  reward per execution: risk=-0.035 cost=-0.233 sla=-0.640 failure=-0.640
episode=007 upper_loss=238.4468 lower_loss=2.8763 sla=0.5708 migrations=6.0 reward=-46.200
  upper=45 keep=19 immediate=11 delayed=15 pending_exec=15 pending_cancel=0
  scope: link=5 partial=12 full=9 | lower: ok=6 fail=15 routing_fail=18 rollback=20
  execution stages: {'accepted': 6, 'fixed_node_infeasible': 1, 'no_candidate_host': 15, 'no_feasible_route': 2, 'unchanged': 2}
  accepted=6 avg_risk_delta=+0.0028 avg_cost=0.506 avg_disruption=0.833
  component risk delta: node=+0.0028 link=+0.0012
  scope accepted rate: link=0.400 partial=0.250 full=0.111
  risk quality: improved=0.500 worsened=0.167 unchanged=0.333 mean_negative=-0.0108
  reward weighted: risk=-1.161 cost=-3.039 disruption=-5.000 sla=-6.000 future_sla=-11.000 failure=-20.000 per_upper=-1.027
  reward raw: risk=-0.058 cost=-3.039 disruption=-5.000 sla=-6.000 future_sla=-11.000 failure=-20.000
  KEEP risk exposure: total=0.082 per_keep=0.004
  reward per execution: risk=+0.018 cost=-0.117 sla=-0.231 failure=-0.769
episode=008 upper_loss=211.9705 lower_loss=3.4141 sla=0.7341 migrations=7.0 reward=-53.003
  upper=46 keep=28 immediate=6 delayed=12 pending_exec=12 pending_cancel=0
  scope: link=2 partial=9 full=7 | lower: ok=9 fail=7 routing_fail=11 rollback=11
  execution stages: {'accepted': 7, 'no_candidate_host': 7, 'no_feasible_route': 4}
  accepted=7 avg_risk_delta=-0.0045 avg_cost=0.579 avg_disruption=0.857
  component risk delta: node=-0.0045 link=-0.0022
  scope accepted rate: link=1.000 partial=0.333 full=0.286
  risk quality: improved=0.571 worsened=0.143 unchanged=0.286 mean_negative=-0.0451
  reward weighted: risk=-7.953 cost=-4.050 disruption=-6.000 sla=-12.000 future_sla=-12.000 failure=-11.000 per_upper=-1.152
  reward raw: risk=-0.398 cost=-4.050 disruption=-6.000 sla=-12.000 future_sla=-12.000 failure=-11.000
  KEEP risk exposure: total=0.351 per_keep=0.013
  reward per execution: risk=-0.052 cost=-0.225 sla=-0.667 failure=-0.611
episode=009 upper_loss=240.6174 lower_loss=2.3618 sla=0.7279 migrations=8.0 reward=-46.724
  upper=38 keep=17 immediate=7 delayed=14 pending_exec=14 pending_cancel=0
  scope: link=6 partial=6 full=9 | lower: ok=9 fail=6 routing_fail=10 rollback=13
  execution stages: {'accepted': 8, 'fixed_node_infeasible': 1, 'no_candidate_host': 6, 'no_feasible_route': 3, 'unchanged': 3}
  accepted=8 avg_risk_delta=+0.0013 avg_cost=0.634 avg_disruption=0.875
  component risk delta: node=+0.0013 link=+0.0007
  scope accepted rate: link=0.333 partial=0.667 full=0.222
  risk quality: improved=0.375 worsened=0.375 unchanged=0.250 mean_negative=-0.0052
  reward weighted: risk=-0.650 cost=-5.074 disruption=-7.000 sla=-14.000 future_sla=-7.000 failure=-13.000 per_upper=-1.230
  reward raw: risk=-0.032 cost=-5.074 disruption=-7.000 sla=-14.000 future_sla=-7.000 failure=-13.000
  KEEP risk exposure: total=0.048 per_keep=0.003
  reward per execution: risk=+0.015 cost=-0.242 sla=-0.667 failure=-0.619
validation episode=010 sla=0.5942 risk=-0.01956 sla_gain=-0.0014 keep=0.517 migrations=8.10 feasible=False
episode=010 upper_loss=172.0498 lower_loss=3.0230 sla=0.5935 migrations=10.0 reward=-48.327
  upper=42 keep=22 immediate=9 delayed=11 pending_exec=11 pending_cancel=0
  scope: link=4 partial=10 full=6 | lower: ok=9 fail=7 routing_fail=9 rollback=10
  execution stages: {'accepted': 10, 'no_candidate_host': 7, 'no_feasible_route': 1, 'preserved_path_infeasible': 1, 'unchanged': 1}
  accepted=10 avg_risk_delta=-0.0035 avg_cost=0.621 avg_disruption=0.900
  component risk delta: node=-0.0035 link=-0.0001
  scope accepted rate: link=0.500 partial=0.600 full=0.333
  risk quality: improved=0.500 worsened=0.300 unchanged=0.200 mean_negative=-0.0351
  reward weighted: risk=-5.115 cost=-6.212 disruption=-9.000 sla=-12.000 future_sla=-6.000 failure=-10.000 per_upper=-1.151
  reward raw: risk=-0.256 cost=-6.212 disruption=-9.000 sla=-12.000 future_sla=-6.000 failure=-10.000
  KEEP risk exposure: total=0.220 per_keep=0.010
  reward per execution: risk=-0.036 cost=-0.311 sla=-0.600 failure=-0.500
episode=011 upper_loss=257.7864 lower_loss=3.3309 sla=0.6914 migrations=11.0 reward=-55.532
  upper=38 keep=14 immediate=9 delayed=15 pending_exec=15 pending_cancel=0
  scope: link=5 partial=9 full=10 | lower: ok=11 fail=8 routing_fail=13 rollback=13
  execution stages: {'accepted': 11, 'fixed_node_infeasible': 1, 'no_candidate_host': 8, 'no_feasible_route': 2, 'preserved_path_infeasible': 2}
  accepted=11 avg_risk_delta=-0.0008 avg_cost=0.726 avg_disruption=0.909
  component risk delta: node=-0.0008 link=+0.0074
  scope accepted rate: link=0.400 partial=0.333 full=0.600
  risk quality: improved=0.455 worsened=0.364 unchanged=0.182 mean_negative=-0.0238
  reward weighted: risk=-1.541 cost=-7.990 disruption=-10.000 sla=-17.000 future_sla=-6.000 failure=-13.000 per_upper=-1.461
  reward raw: risk=-0.077 cost=-7.990 disruption=-10.000 sla=-17.000 future_sla=-6.000 failure=-13.000
  KEEP risk exposure: total=0.150 per_keep=0.011
  reward per execution: risk=+0.061 cost=-0.333 sla=-0.708 failure=-0.542
episode=012 upper_loss=227.7205 lower_loss=2.4614 sla=0.6104 migrations=6.0 reward=-47.438
  upper=40 keep=22 immediate=7 delayed=11 pending_exec=11 pending_cancel=0
  scope: link=3 partial=12 full=3 | lower: ok=7 fail=8 routing_fail=11 rollback=12
  execution stages: {'accepted': 6, 'fixed_node_infeasible': 1, 'no_candidate_host': 8, 'no_feasible_route': 1, 'preserved_path_infeasible': 1, 'unchanged': 1}
  accepted=6 avg_risk_delta=-0.0003 avg_cost=0.686 avg_disruption=1.000
  component risk delta: node=-0.0003 link=+0.0067
  scope accepted rate: link=0.000 partial=0.417 full=0.333
  risk quality: improved=0.500 worsened=0.500 unchanged=0.000 mean_negative=-0.0154
  reward weighted: risk=-2.988 cost=-4.117 disruption=-6.000 sla=-10.000 future_sla=-12.333 failure=-12.000 per_upper=-1.186
  reward raw: risk=-0.149 cost=-4.117 disruption=-6.000 sla=-10.000 future_sla=-12.333 failure=-12.000
  KEEP risk exposure: total=0.188 per_keep=0.009
  reward per execution: risk=+0.043 cost=-0.229 sla=-0.556 failure=-0.667
episode=013 upper_loss=249.5052 lower_loss=2.4125 sla=0.6645 migrations=12.0 reward=-52.148
  upper=44 keep=23 immediate=7 delayed=14 pending_exec=14 pending_cancel=0
  scope: link=6 partial=9 full=6 | lower: ok=8 fail=7 routing_fail=8 rollback=9
  execution stages: {'accepted': 12, 'no_candidate_host': 7, 'no_feasible_route': 1, 'unchanged': 1}
  accepted=12 avg_risk_delta=-0.0014 avg_cost=0.529 avg_disruption=0.792
  component risk delta: node=-0.0014 link=-0.0006
  scope accepted rate: link=0.833 partial=0.556 full=0.333
  risk quality: improved=0.333 worsened=0.250 unchanged=0.417 mean_negative=-0.0160
  reward weighted: risk=-2.303 cost=-6.344 disruption=-9.500 sla=-12.000 future_sla=-13.000 failure=-9.000 per_upper=-1.185
  reward raw: risk=-0.115 cost=-6.344 disruption=-9.500 sla=-12.000 future_sla=-13.000 failure=-9.000
  KEEP risk exposure: total=0.091 per_keep=0.004
  reward per execution: risk=-0.023 cost=-0.302 sla=-0.571 failure=-0.429
episode=014 upper_loss=170.1760 lower_loss=2.0184 sla=0.6497 migrations=7.0 reward=-40.830
  upper=45 keep=25 immediate=10 delayed=10 pending_exec=10 pending_cancel=0
  scope: link=4 partial=7 full=9 | lower: ok=6 fail=10 routing_fail=12 rollback=13
  execution stages: {'accepted': 7, 'no_candidate_host': 10, 'no_feasible_route': 2, 'unchanged': 1}
  accepted=7 avg_risk_delta=-0.0001 avg_cost=0.735 avg_disruption=0.929
  component risk delta: node=-0.0001 link=+0.0031
  scope accepted rate: link=0.250 partial=0.571 full=0.222
  risk quality: improved=0.571 worsened=0.286 unchanged=0.143 mean_negative=-0.0316
  reward weighted: risk=-2.520 cost=-5.143 disruption=-6.500 sla=-3.000 future_sla=-10.667 failure=-13.000 per_upper=-0.907
  reward raw: risk=-0.126 cost=-5.143 disruption=-6.500 sla=-3.000 future_sla=-10.667 failure=-13.000
  KEEP risk exposure: total=0.147 per_keep=0.006
  reward per execution: risk=+0.021 cost=-0.257 sla=-0.150 failure=-0.650
episode=015 upper_loss=301.7068 lower_loss=1.7687 sla=0.6220 migrations=13.0 reward=-53.648
  upper=44 keep=20 immediate=8 delayed=16 pending_exec=16 pending_cancel=0
  scope: link=3 partial=13 full=8 | lower: ok=13 fail=8 routing_fail=9 rollback=11
  execution stages: {'accepted': 13, 'no_candidate_host': 8, 'no_feasible_route': 1, 'unchanged': 2}
  accepted=13 avg_risk_delta=+0.0015 avg_cost=0.677 avg_disruption=0.962
  component risk delta: node=+0.0015 link=+0.0009
  scope accepted rate: link=0.333 partial=0.769 full=0.250
  risk quality: improved=0.615 worsened=0.308 unchanged=0.077 mean_negative=-0.0057
  reward weighted: risk=-1.352 cost=-8.796 disruption=-12.500 sla=-11.000 future_sla=-9.000 failure=-11.000 per_upper=-1.219
  reward raw: risk=-0.068 cost=-8.796 disruption=-12.500 sla=-11.000 future_sla=-9.000 failure=-11.000
  KEEP risk exposure: total=0.098 per_keep=0.005
  reward per execution: risk=+0.025 cost=-0.367 sla=-0.458 failure=-0.458
episode=016 upper_loss=158.4162 lower_loss=1.9256 sla=0.5090 migrations=10.0 reward=-41.054
  upper=41 keep=19 immediate=12 delayed=10 pending_exec=10 pending_cancel=0
  scope: link=6 partial=7 full=9 | lower: ok=7 fail=9 routing_fail=11 rollback=12
  execution stages: {'accepted': 10, 'fixed_node_infeasible': 1, 'no_candidate_host': 9, 'no_feasible_route': 1, 'unchanged': 1}
  accepted=10 avg_risk_delta=-0.0004 avg_cost=0.423 avg_disruption=0.800
  component risk delta: node=-0.0004 link=-0.0045
  scope accepted rate: link=0.667 partial=0.857 full=0.000
  risk quality: improved=0.400 worsened=0.200 unchanged=0.400 mean_negative=-0.0127
  reward weighted: risk=-1.828 cost=-4.226 disruption=-8.000 sla=-9.000 future_sla=-6.000 failure=-12.000 per_upper=-1.001
  reward raw: risk=-0.091 cost=-4.226 disruption=-8.000 sla=-9.000 future_sla=-6.000 failure=-12.000
  KEEP risk exposure: total=0.043 per_keep=0.002
  reward per execution: risk=-0.044 cost=-0.192 sla=-0.409 failure=-0.545
episode=017 upper_loss=172.2388 lower_loss=2.7627 sla=0.6057 migrations=11.0 reward=-44.647
  upper=41 keep=22 immediate=7 delayed=12 pending_exec=12 pending_cancel=0
  scope: link=2 partial=10 full=7 | lower: ok=10 fail=7 routing_fail=8 rollback=8
  execution stages: {'accepted': 11, 'no_candidate_host': 7, 'no_feasible_route': 1}
  accepted=11 avg_risk_delta=-0.0003 avg_cost=0.622 avg_disruption=0.909
  component risk delta: node=-0.0003 link=+0.0022
  scope accepted rate: link=1.000 partial=0.700 full=0.286
  risk quality: improved=0.455 worsened=0.364 unchanged=0.182 mean_negative=-0.0157
  reward weighted: risk=-1.801 cost=-6.846 disruption=-10.000 sla=-9.000 future_sla=-9.000 failure=-8.000 per_upper=-1.089
  reward raw: risk=-0.090 cost=-6.846 disruption=-10.000 sla=-9.000 future_sla=-9.000 failure=-8.000
  KEEP risk exposure: total=0.111 per_keep=0.005
  reward per execution: risk=+0.022 cost=-0.360 sla=-0.474 failure=-0.421
episode=018 upper_loss=283.9372 lower_loss=2.8200 sla=0.4921 migrations=10.0 reward=-57.414
  upper=47 keep=22 immediate=11 delayed=14 pending_exec=14 pending_cancel=0
  scope: link=2 partial=13 full=10 | lower: ok=11 fail=12 routing_fail=15 rollback=15
  execution stages: {'accepted': 10, 'fixed_node_infeasible': 1, 'no_candidate_host': 12, 'no_feasible_route': 2}
  accepted=10 avg_risk_delta=-0.0048 avg_cost=0.727 avg_disruption=0.950
  component risk delta: node=-0.0048 link=-0.0051
  scope accepted rate: link=0.500 partial=0.385 full=0.400
  risk quality: improved=0.400 worsened=0.500 unchanged=0.100 mean_negative=-0.0183
  reward weighted: risk=-3.640 cost=-7.274 disruption=-9.500 sla=-14.000 future_sla=-8.000 failure=-15.000 per_upper=-1.222
  reward raw: risk=-0.182 cost=-7.274 disruption=-9.500 sla=-14.000 future_sla=-8.000 failure=-15.000
  KEEP risk exposure: total=0.084 per_keep=0.004
  reward per execution: risk=-0.079 cost=-0.291 sla=-0.560 failure=-0.600
episode=019 upper_loss=322.4985 lower_loss=1.9531 sla=0.6633 migrations=5.0 reward=-63.304
  upper=47 keep=23 immediate=10 delayed=14 pending_exec=14 pending_cancel=0
  scope: link=3 partial=10 full=11 | lower: ok=10 fail=11 routing_fail=17 rollback=19
  execution stages: {'accepted': 5, 'no_candidate_host': 11, 'no_feasible_route': 5, 'preserved_path_infeasible': 1, 'unchanged': 2}
  accepted=5 avg_risk_delta=-0.0195 avg_cost=0.769 avg_disruption=1.000
  component risk delta: node=-0.0195 link=-0.0110
  scope accepted rate: link=0.000 partial=0.300 full=0.182
  risk quality: improved=0.200 worsened=0.800 unchanged=0.000 mean_negative=-0.0262
  reward weighted: risk=-7.460 cost=-3.843 disruption=-5.000 sla=-15.000 future_sla=-13.000 failure=-19.000 per_upper=-1.347
  reward raw: risk=-0.373 cost=-3.843 disruption=-5.000 sla=-15.000 future_sla=-13.000 failure=-19.000
  KEEP risk exposure: total=0.220 per_keep=0.010
  reward per execution: risk=-0.127 cost=-0.160 sla=-0.625 failure=-0.792
validation episode=020 sla=0.5934 risk=-0.08624 sla_gain=-0.0006 keep=0.919 migrations=0.60 feasible=False
episode=020 upper_loss=193.9540 lower_loss=1.4594 sla=0.6380 migrations=7.0 reward=-47.731
  upper=46 keep=24 immediate=10 delayed=12 pending_exec=12 pending_cancel=0
  scope: link=3 partial=13 full=6 | lower: ok=7 fail=12 routing_fail=15 rollback=15
  execution stages: {'accepted': 7, 'no_candidate_host': 12, 'no_feasible_route': 3}
  accepted=7 avg_risk_delta=+0.0006 avg_cost=0.428 avg_disruption=0.786
  component risk delta: node=+0.0006 link=-0.0010
  scope accepted rate: link=1.000 partial=0.308 full=0.000
  risk quality: improved=0.286 worsened=0.286 unchanged=0.429 mean_negative=-0.0100
  reward weighted: risk=-3.234 cost=-2.997 disruption=-5.500 sla=-12.000 future_sla=-9.000 failure=-15.000 per_upper=-1.038
  reward raw: risk=-0.162 cost=-2.997 disruption=-5.500 sla=-12.000 future_sla=-9.000 failure=-15.000
  KEEP risk exposure: total=0.159 per_keep=0.007
  reward per execution: risk=-0.002 cost=-0.136 sla=-0.545 failure=-0.682
episode=021 upper_loss=765.8867 lower_loss=13.0949 sla=0.6948 migrations=6.0 reward=-96.814
  upper=42 keep=20 immediate=7 delayed=15 pending_exec=15 pending_cancel=0
  scope: link=3 partial=9 full=10 | lower: ok=7 fail=12 routing_fail=15 rollback=16
  execution stages: {'accepted': 6, 'no_candidate_host': 12, 'no_feasible_route': 2, 'preserved_path_infeasible': 1, 'unchanged': 1}
  accepted=6 avg_risk_delta=+0.0153 avg_cost=0.662 avg_disruption=0.917
  component risk delta: node=-0.0141 link=-0.0415
  scope accepted rate: link=0.333 partial=0.333 full=0.200
  risk quality: improved=0.500 worsened=0.333 unchanged=0.167 mean_negative=-0.0519
  reward weighted: risk=-47.342 cost=-3.972 disruption=-5.500 sla=-14.000 future_sla=-10.000 failure=-16.000 per_upper=-2.305
  reward raw: risk=-2.367 cost=-3.972 disruption=-5.500 sla=-14.000 future_sla=-10.000 failure=-16.000
  KEEP risk exposure: total=2.033 per_keep=0.102
  reward per execution: risk=-0.304 cost=-0.181 sla=-0.636 failure=-0.727
episode=022 upper_loss=199.0947 lower_loss=3.5650 sla=0.6457 migrations=7.0 reward=-50.230
  upper=42 keep=24 immediate=6 delayed=12 pending_exec=12 pending_cancel=0
  scope: link=6 partial=3 full=9 | lower: ok=5 fail=7 routing_fail=9 rollback=11
  execution stages: {'accepted': 7, 'no_candidate_host': 7, 'no_feasible_route': 1, 'preserved_path_infeasible': 1, 'unchanged': 2}
  accepted=7 avg_risk_delta=-0.0068 avg_cost=0.630 avg_disruption=0.786
  component risk delta: node=-0.0068 link=-0.0127
  scope accepted rate: link=0.500 partial=0.333 full=0.333
  risk quality: improved=0.286 worsened=0.286 unchanged=0.429 mean_negative=-0.0283
  reward weighted: risk=-7.319 cost=-4.411 disruption=-5.500 sla=-9.000 future_sla=-13.000 failure=-11.000 per_upper=-1.196
  reward raw: risk=-0.366 cost=-4.411 disruption=-5.500 sla=-9.000 future_sla=-13.000 failure=-11.000
  KEEP risk exposure: total=0.229 per_keep=0.010
  reward per execution: risk=-0.152 cost=-0.245 sla=-0.500 failure=-0.611
episode=023 upper_loss=274.8168 lower_loss=2.5812 sla=0.5731 migrations=11.0 reward=-55.840
  upper=47 keep=19 immediate=10 delayed=18 pending_exec=18 pending_cancel=0
  scope: link=5 partial=15 full=8 | lower: ok=8 fail=15 routing_fail=16 rollback=17
  execution stages: {'accepted': 11, 'no_candidate_host': 15, 'no_feasible_route': 1, 'unchanged': 1}
  accepted=11 avg_risk_delta=+0.0053 avg_cost=0.558 avg_disruption=0.818
  component risk delta: node=+0.0053 link=+0.0051
  scope accepted rate: link=0.800 partial=0.200 full=0.500
  risk quality: improved=0.455 worsened=0.182 unchanged=0.364 mean_negative=-0.0418
  reward weighted: risk=-4.700 cost=-6.140 disruption=-9.000 sla=-13.000 future_sla=-6.000 failure=-17.000 per_upper=-1.188
  reward raw: risk=-0.235 cost=-6.140 disruption=-9.000 sla=-13.000 future_sla=-6.000 failure=-17.000
  KEEP risk exposure: total=0.349 per_keep=0.018
  reward per execution: risk=+0.082 cost=-0.219 sla=-0.464 failure=-0.607
episode=024 upper_loss=174.0238 lower_loss=1.0961 sla=0.6284 migrations=12.0 reward=-44.441
  upper=46 keep=22 immediate=11 delayed=13 pending_exec=13 pending_cancel=0
  scope: link=5 partial=14 full=5 | lower: ok=14 fail=5 routing_fail=11 rollback=12
  execution stages: {'accepted': 12, 'no_candidate_host': 5, 'no_feasible_route': 6, 'unchanged': 1}
  accepted=12 avg_risk_delta=-0.0013 avg_cost=0.533 avg_disruption=0.833
  component risk delta: node=-0.0013 link=+0.0003
  scope accepted rate: link=0.800 partial=0.500 full=0.200
  risk quality: improved=0.417 worsened=0.250 unchanged=0.333 mean_negative=-0.0089
  reward weighted: risk=-2.051 cost=-6.390 disruption=-10.000 sla=-10.000 future_sla=-4.000 failure=-12.000 per_upper=-0.966
  reward raw: risk=-0.103 cost=-6.390 disruption=-10.000 sla=-10.000 future_sla=-4.000 failure=-12.000
  KEEP risk exposure: total=0.091 per_keep=0.004
  reward per execution: risk=-0.010 cost=-0.266 sla=-0.417 failure=-0.500
episode=025 upper_loss=296.7737 lower_loss=2.9783 sla=0.5543 migrations=13.0 reward=-60.789
  upper=46 keep=20 immediate=9 delayed=17 pending_exec=17 pending_cancel=0
  scope: link=5 partial=9 full=12 | lower: ok=10 fail=11 routing_fail=12 rollback=13
  execution stages: {'accepted': 13, 'no_candidate_host': 11, 'no_feasible_route': 1, 'unchanged': 1}
  accepted=13 avg_risk_delta=-0.0086 avg_cost=0.600 avg_disruption=0.846
  component risk delta: node=-0.0086 link=-0.0050
  scope accepted rate: link=0.800 partial=0.444 full=0.417
  risk quality: improved=0.308 worsened=0.385 unchanged=0.308 mean_negative=-0.0255
  reward weighted: risk=-4.983 cost=-7.806 disruption=-11.000 sla=-14.000 future_sla=-10.000 failure=-13.000 per_upper=-1.321
  reward raw: risk=-0.249 cost=-7.806 disruption=-11.000 sla=-14.000 future_sla=-10.000 failure=-13.000
  KEEP risk exposure: total=0.073 per_keep=0.004
  reward per execution: risk=-0.135 cost=-0.300 sla=-0.538 failure=-0.500
episode=026 upper_loss=217.1382 lower_loss=1.1603 sla=0.6799 migrations=5.0 reward=-50.772
  upper=47 keep=23 immediate=12 delayed=12 pending_exec=12 pending_cancel=0
  scope: link=2 partial=13 full=9 | lower: ok=7 fail=15 routing_fail=18 rollback=19
  execution stages: {'accepted': 5, 'no_candidate_host': 15, 'no_feasible_route': 2, 'preserved_path_infeasible': 1, 'unchanged': 1}
  accepted=5 avg_risk_delta=-0.0045 avg_cost=0.756 avg_disruption=1.000
  component risk delta: node=-0.0045 link=-0.0048
  scope accepted rate: link=0.000 partial=0.308 full=0.111
  risk quality: improved=0.600 worsened=0.400 unchanged=0.000 mean_negative=-0.0185
  reward weighted: risk=-4.994 cost=-3.778 disruption=-5.000 sla=-9.000 future_sla=-9.000 failure=-19.000 per_upper=-1.080
  reward raw: risk=-0.250 cost=-3.778 disruption=-5.000 sla=-9.000 future_sla=-9.000 failure=-19.000
  KEEP risk exposure: total=0.204 per_keep=0.009
  reward per execution: risk=-0.038 cost=-0.157 sla=-0.375 failure=-0.792
episode=027 upper_loss=244.7058 lower_loss=2.2721 sla=0.6870 migrations=6.0 reward=-53.964
  upper=42 keep=21 immediate=9 delayed=12 pending_exec=12 pending_cancel=0
  scope: link=6 partial=10 full=5 | lower: ok=6 fail=9 routing_fail=11 rollback=15
  execution stages: {'accepted': 6, 'no_candidate_host': 9, 'no_feasible_route': 2, 'unchanged': 4}
  accepted=6 avg_risk_delta=-0.0122 avg_cost=0.536 avg_disruption=0.833
  component risk delta: node=-0.0122 link=-0.0109
  scope accepted rate: link=0.333 partial=0.300 full=0.200
  risk quality: improved=0.000 worsened=0.667 unchanged=0.333 mean_negative=-0.0183
  reward weighted: risk=-4.750 cost=-3.213 disruption=-5.000 sla=-14.000 future_sla=-12.000 failure=-15.000 per_upper=-1.285
  reward raw: risk=-0.238 cost=-3.213 disruption=-5.000 sla=-14.000 future_sla=-12.000 failure=-15.000
  KEEP risk exposure: total=0.099 per_keep=0.005
  reward per execution: risk=-0.132 cost=-0.153 sla=-0.667 failure=-0.714
episode=028 upper_loss=206.4942 lower_loss=1.8735 sla=0.7034 migrations=12.0 reward=-49.517
  upper=39 keep=17 immediate=13 delayed=9 pending_exec=9 pending_cancel=0
  scope: link=4 partial=8 full=10 | lower: ok=11 fail=7 routing_fail=8 rollback=10
  execution stages: {'accepted': 12, 'no_candidate_host': 7, 'preserved_path_infeasible': 1, 'unchanged': 2}
  accepted=12 avg_risk_delta=+0.0014 avg_cost=0.755 avg_disruption=0.958
  component risk delta: node=+0.0014 link=+0.0028
  scope accepted rate: link=0.250 partial=0.875 full=0.400
  risk quality: improved=0.500 worsened=0.417 unchanged=0.083 mean_negative=-0.0152
  reward weighted: risk=-0.956 cost=-9.060 disruption=-11.500 sla=-11.000 future_sla=-7.000 failure=-10.000 per_upper=-1.270
  reward raw: risk=-0.048 cost=-9.060 disruption=-11.500 sla=-11.000 future_sla=-7.000 failure=-10.000
  KEEP risk exposure: total=0.097 per_keep=0.006
  reward per execution: risk=+0.045 cost=-0.412 sla=-0.500 failure=-0.455
episode=029 upper_loss=256.5622 lower_loss=2.1226 sla=0.5033 migrations=4.0 reward=-51.654
  upper=40 keep=24 immediate=9 delayed=7 pending_exec=7 pending_cancel=0
  scope: link=1 partial=5 full=10 | lower: ok=7 fail=8 routing_fail=12 rollback=12
  execution stages: {'accepted': 4, 'no_candidate_host': 8, 'no_feasible_route': 4}
  accepted=4 avg_risk_delta=-0.0170 avg_cost=0.905 avg_disruption=1.000
  component risk delta: node=-0.0170 link=-0.0097
  scope accepted rate: link=0.000 partial=0.200 full=0.300
  risk quality: improved=0.500 worsened=0.500 unchanged=0.000 mean_negative=-0.0381
  reward weighted: risk=-6.034 cost=-3.620 disruption=-4.000 sla=-10.000 future_sla=-16.000 failure=-12.000 per_upper=-1.291
  reward raw: risk=-0.302 cost=-3.620 disruption=-4.000 sla=-10.000 future_sla=-16.000 failure=-12.000
  KEEP risk exposure: total=0.195 per_keep=0.008
  reward per execution: risk=-0.133 cost=-0.226 sla=-0.625 failure=-0.750
validation episode=030 sla=0.5919 risk=-0.16258 sla_gain=+0.0009 keep=0.977 migrations=0.10 feasible=False
episode=030 upper_loss=295.1063 lower_loss=2.4258 sla=0.6650 migrations=9.0 reward=-54.732
  upper=38 keep=16 immediate=4 delayed=18 pending_exec=18 pending_cancel=0
  scope: link=3 partial=9 full=10 | lower: ok=10 fail=9 routing_fail=13 rollback=13
  execution stages: {'accepted': 9, 'fixed_node_infeasible': 1, 'no_candidate_host': 9, 'no_feasible_route': 1, 'preserved_path_infeasible': 2}
  accepted=9 avg_risk_delta=-0.0010 avg_cost=0.888 avg_disruption=1.000
  component risk delta: node=-0.0010 link=-0.0009
  scope accepted rate: link=0.000 partial=0.333 full=0.600
  risk quality: improved=0.444 worsened=0.556 unchanged=0.000 mean_negative=-0.0209
  reward weighted: risk=-2.738 cost=-7.994 disruption=-9.000 sla=-14.000 future_sla=-8.000 failure=-13.000 per_upper=-1.440
  reward raw: risk=-0.137 cost=-7.994 disruption=-9.000 sla=-14.000 future_sla=-8.000 failure=-13.000
  KEEP risk exposure: total=0.120 per_keep=0.007
  reward per execution: risk=-0.015 cost=-0.363 sla=-0.636 failure=-0.591
episode=031 upper_loss=463.9761 lower_loss=18.4492 sla=0.5265 migrations=9.0 reward=-77.075
  upper=36 keep=14 immediate=7 delayed=15 pending_exec=15 pending_cancel=0
  scope: link=3 partial=8 full=11 | lower: ok=11 fail=8 routing_fail=13 rollback=13
  execution stages: {'accepted': 9, 'fixed_node_infeasible': 1, 'no_candidate_host': 8, 'no_feasible_route': 3, 'preserved_path_infeasible': 1}
  accepted=9 avg_risk_delta=-0.0162 avg_cost=0.800 avg_disruption=0.944
  component risk delta: node=-0.0136 link=-0.0527
  scope accepted rate: link=0.333 partial=0.500 full=0.364
  risk quality: improved=0.556 worsened=0.333 unchanged=0.111 mean_negative=-0.0599
  reward weighted: risk=-30.713 cost=-7.196 disruption=-8.500 sla=-14.000 future_sla=-3.667 failure=-13.000 per_upper=-2.141
  reward raw: risk=-1.536 cost=-7.196 disruption=-8.500 sla=-14.000 future_sla=-3.667 failure=-13.000
  KEEP risk exposure: total=0.938 per_keep=0.067
  reward per execution: risk=-0.543 cost=-0.327 sla=-0.636 failure=-0.591
episode=032 upper_loss=347.7938 lower_loss=1.7109 sla=0.6980 migrations=10.0 reward=-58.109
  upper=43 keep=20 immediate=9 delayed=14 pending_exec=14 pending_cancel=0
  scope: link=4 partial=11 full=8 | lower: ok=7 fail=12 routing_fail=12 rollback=13
  execution stages: {'accepted': 10, 'no_candidate_host': 12, 'unchanged': 1}
  accepted=10 avg_risk_delta=-0.0061 avg_cost=0.501 avg_disruption=0.850
  component risk delta: node=-0.0061 link=-0.0056
  scope accepted rate: link=0.750 partial=0.545 full=0.125
  risk quality: improved=0.300 worsened=0.400 unchanged=0.300 mean_negative=-0.0167
  reward weighted: risk=-3.763 cost=-5.012 disruption=-8.500 sla=-16.000 future_sla=-11.833 failure=-13.000 per_upper=-1.351
  reward raw: risk=-0.188 cost=-5.012 disruption=-8.500 sla=-16.000 future_sla=-11.833 failure=-13.000
  KEEP risk exposure: total=0.071 per_keep=0.004
  reward per execution: risk=-0.102 cost=-0.218 sla=-0.696 failure=-0.565
episode=033 upper_loss=284.8028 lower_loss=1.4539 sla=0.6283 migrations=7.0 reward=-59.790
  upper=47 keep=17 immediate=12 delayed=18 pending_exec=18 pending_cancel=0
  scope: link=2 partial=12 full=16 | lower: ok=10 fail=18 routing_fail=23 rollback=23
  execution stages: {'accepted': 7, 'fixed_node_infeasible': 1, 'no_candidate_host': 18, 'no_feasible_route': 3, 'preserved_path_infeasible': 1}
  accepted=7 avg_risk_delta=+0.0008 avg_cost=0.790 avg_disruption=1.000
  component risk delta: node=+0.0008 link=+0.0066
  scope accepted rate: link=0.000 partial=0.333 full=0.188
  risk quality: improved=0.714 worsened=0.286 unchanged=0.000 mean_negative=-0.0474
  reward weighted: risk=-1.257 cost=-5.533 disruption=-7.000 sla=-12.000 future_sla=-11.000 failure=-23.000 per_upper=-1.272
  reward raw: risk=-0.063 cost=-5.533 disruption=-7.000 sla=-12.000 future_sla=-11.000 failure=-23.000
  KEEP risk exposure: total=0.115 per_keep=0.007
  reward per execution: risk=+0.035 cost=-0.184 sla=-0.400 failure=-0.767
episode=034 upper_loss=136.3312 lower_loss=1.2553 sla=0.6806 migrations=6.0 reward=-44.482
  upper=45 keep=25 immediate=11 delayed=9 pending_exec=9 pending_cancel=0
  scope: link=3 partial=7 full=10 | lower: ok=6 fail=11 routing_fail=14 rollback=14
  execution stages: {'accepted': 6, 'no_candidate_host': 11, 'no_feasible_route': 1, 'preserved_path_infeasible': 2}
  accepted=6 avg_risk_delta=-0.0053 avg_cost=0.564 avg_disruption=0.833
  component risk delta: node=-0.0053 link=+0.0036
  scope accepted rate: link=0.667 partial=0.286 full=0.200
  risk quality: improved=0.333 worsened=0.333 unchanged=0.333 mean_negative=-0.0361
  reward weighted: risk=-3.433 cost=-3.383 disruption=-5.000 sla=-8.000 future_sla=-10.667 failure=-14.000 per_upper=-0.988
  reward raw: risk=-0.172 cost=-3.383 disruption=-5.000 sla=-8.000 future_sla=-10.667 failure=-14.000
  KEEP risk exposure: total=0.161 per_keep=0.006
  reward per execution: risk=-0.010 cost=-0.169 sla=-0.400 failure=-0.700
episode=035 upper_loss=219.7198 lower_loss=1.0539 sla=0.5031 migrations=6.0 reward=-51.606
  upper=50 keep=25 immediate=6 delayed=19 pending_exec=19 pending_cancel=0
  scope: link=4 partial=11 full=10 | lower: ok=6 fail=15 routing_fail=19 rollback=19
  execution stages: {'accepted': 6, 'fixed_node_infeasible': 1, 'no_candidate_host': 15, 'no_feasible_route': 3}
  accepted=6 avg_risk_delta=-0.0052 avg_cost=0.519 avg_disruption=0.750
  component risk delta: node=-0.0052 link=-0.0030
  scope accepted rate: link=0.750 partial=0.091 full=0.200
  risk quality: improved=0.167 worsened=0.333 unchanged=0.500 mean_negative=-0.0187
  reward weighted: risk=-1.992 cost=-3.114 disruption=-4.500 sla=-12.000 future_sla=-11.000 failure=-19.000 per_upper=-1.032
  reward raw: risk=-0.100 cost=-3.114 disruption=-4.500 sla=-12.000 future_sla=-11.000 failure=-19.000
  KEEP risk exposure: total=0.051 per_keep=0.002
  reward per execution: risk=-0.039 cost=-0.125 sla=-0.480 failure=-0.760
episode=036 upper_loss=139.9405 lower_loss=1.5751 sla=0.6189 migrations=5.0 reward=-45.202
  upper=44 keep=24 immediate=3 delayed=17 pending_exec=17 pending_cancel=0
  scope: link=4 partial=7 full=9 | lower: ok=5 fail=11 routing_fail=14 rollback=15
  execution stages: {'accepted': 5, 'fixed_node_infeasible': 1, 'no_candidate_host': 11, 'no_feasible_route': 1, 'preserved_path_infeasible': 1, 'unchanged': 1}
  accepted=5 avg_risk_delta=-0.0044 avg_cost=0.685 avg_disruption=0.900
  component risk delta: node=-0.0044 link=+0.0050
  scope accepted rate: link=0.250 partial=0.286 full=0.222
  risk quality: improved=0.600 worsened=0.200 unchanged=0.200 mean_negative=-0.0488
  reward weighted: risk=-6.275 cost=-3.426 disruption=-4.500 sla=-9.000 future_sla=-7.000 failure=-15.000 per_upper=-1.027
  reward raw: risk=-0.314 cost=-3.426 disruption=-4.500 sla=-9.000 future_sla=-7.000 failure=-15.000
  KEEP risk exposure: total=0.317 per_keep=0.013
  reward per execution: risk=+0.003 cost=-0.171 sla=-0.450 failure=-0.750
episode=037 upper_loss=140.0725 lower_loss=1.8025 sla=0.6242 migrations=7.0 reward=-38.116
  upper=39 keep=26 immediate=4 delayed=9 pending_exec=9 pending_cancel=0
  scope: link=0 partial=5 full=8 | lower: ok=7 fail=6 routing_fail=6 rollback=6
  execution stages: {'accepted': 7, 'no_candidate_host': 6}
  accepted=7 avg_risk_delta=+0.0012 avg_cost=0.829 avg_disruption=1.000
  component risk delta: node=+0.0012 link=-0.0088
  scope accepted rate: link=0.000 partial=0.800 full=0.375
  risk quality: improved=0.857 worsened=0.143 unchanged=0.000 mean_negative=-0.0297
  reward weighted: risk=-3.316 cost=-5.800 disruption=-7.000 sla=-2.000 future_sla=-14.000 failure=-6.000 per_upper=-0.977
  reward raw: risk=-0.166 cost=-5.800 disruption=-7.000 sla=-2.000 future_sla=-14.000 failure=-6.000
  KEEP risk exposure: total=0.112 per_keep=0.004
  reward per execution: risk=-0.082 cost=-0.446 sla=-0.154 failure=-0.462
episode=038 upper_loss=218.3139 lower_loss=3.6197 sla=0.5684 migrations=10.0 reward=-45.892
  upper=42 keep=23 immediate=11 delayed=8 pending_exec=8 pending_cancel=0
  scope: link=2 partial=6 full=11 | lower: ok=10 fail=7 routing_fail=9 rollback=9
  execution stages: {'accepted': 10, 'no_candidate_host': 7, 'no_feasible_route': 1, 'preserved_path_infeasible': 1}
  accepted=10 avg_risk_delta=+0.0053 avg_cost=0.804 avg_disruption=0.950
  component risk delta: node=+0.0053 link=+0.0035
  scope accepted rate: link=0.500 partial=0.500 full=0.545
  risk quality: improved=0.600 worsened=0.300 unchanged=0.100 mean_negative=-0.0136
  reward weighted: risk=+0.653 cost=-8.044 disruption=-9.500 sla=-8.000 future_sla=-12.000 failure=-9.000 per_upper=-1.093
  reward raw: risk=+0.033 cost=-8.044 disruption=-9.500 sla=-8.000 future_sla=-12.000 failure=-9.000
  KEEP risk exposure: total=0.055 per_keep=0.002
  reward per execution: risk=+0.092 cost=-0.423 sla=-0.421 failure=-0.474
episode=039 upper_loss=254.8225 lower_loss=2.5970 sla=0.6065 migrations=4.0 reward=-47.304
  upper=39 keep=26 immediate=4 delayed=9 pending_exec=9 pending_cancel=0
  scope: link=1 partial=7 full=5 | lower: ok=6 fail=6 routing_fail=8 rollback=9
  execution stages: {'accepted': 4, 'no_candidate_host': 6, 'no_feasible_route': 2, 'unchanged': 1}
  accepted=4 avg_risk_delta=-0.0110 avg_cost=0.819 avg_disruption=1.000
  component risk delta: node=-0.0110 link=-0.0764
  scope accepted rate: link=0.000 partial=0.286 full=0.400
  risk quality: improved=0.500 worsened=0.500 unchanged=0.000 mean_negative=-0.0265
  reward weighted: risk=-9.028 cost=-3.276 disruption=-4.000 sla=-8.000 future_sla=-14.000 failure=-9.000 per_upper=-1.213
  reward raw: risk=-0.451 cost=-3.276 disruption=-4.000 sla=-8.000 future_sla=-14.000 failure=-9.000
  KEEP risk exposure: total=0.101 per_keep=0.004
  reward per execution: risk=-0.538 cost=-0.252 sla=-0.615 failure=-0.692
validation episode=040 sla=0.5927 risk=+0.00000 sla_gain=+0.0000 keep=1.000 migrations=0.00 feasible=False
