nohup: ignoring input
episode=000 upper_loss=317.4455 lower_loss=3.0979 sla=0.7412 migrations=7.0 reward=-52.702
episode=001 upper_loss=407.7397 lower_loss=17.0023 sla=0.5342 migrations=7.0 reward=-63.050
episode=002 upper_loss=145.4483 lower_loss=3.9189 sla=0.5572 migrations=8.0 reward=-41.187
episode=003 upper_loss=264.8903 lower_loss=7.0365 sla=0.5871 migrations=8.0 reward=-50.763
episode=004 upper_loss=181.9531 lower_loss=2.8508 sla=0.6279 migrations=10.0 reward=-46.916
episode=005 upper_loss=168.4749 lower_loss=1.8030 sla=0.5721 migrations=7.0 reward=-43.516
episode=006 upper_loss=217.8514 lower_loss=3.4952 sla=0.6104 migrations=5.0 reward=-48.510
episode=007 upper_loss=125.7475 lower_loss=1.3228 sla=0.5708 migrations=7.0 reward=-35.309
episode=008 upper_loss=263.6102 lower_loss=3.8221 sla=0.7529 migrations=7.0 reward=-54.383
episode=009 upper_loss=160.8847 lower_loss=2.9800 sla=0.7078 migrations=6.0 reward=-41.034
validation episode=010 sla=0.6010 risk=-0.02116 keep=0.629 migrations=5.50 feasible=False
episode=010 upper_loss=232.0948 lower_loss=2.4174 sla=0.5912 migrations=8.0 reward=-49.282
episode=011 upper_loss=233.3727 lower_loss=4.2500 sla=0.6914 migrations=6.0 reward=-50.188
episode=012 upper_loss=193.6516 lower_loss=2.3113 sla=0.6261 migrations=5.0 reward=-48.183
episode=013 upper_loss=207.4155 lower_loss=2.2765 sla=0.7338 migrations=5.0 reward=-43.443
episode=014 upper_loss=113.5510 lower_loss=2.1621 sla=0.6320 migrations=6.0 reward=-38.078
episode=015 upper_loss=225.3184 lower_loss=2.6131 sla=0.6220 migrations=8.0 reward=-45.924
episode=016 upper_loss=152.1564 lower_loss=3.0137 sla=0.5103 migrations=12.0 reward=-39.429
episode=017 upper_loss=181.0571 lower_loss=2.9680 sla=0.6057 migrations=8.0 reward=-50.385
episode=018 upper_loss=296.6332 lower_loss=2.1823 sla=0.4989 migrations=13.0 reward=-55.161
episode=019 upper_loss=292.5997 lower_loss=1.7984 sla=0.6532 migrations=9.0 reward=-53.218
validation episode=020 sla=0.5943 risk=-0.07794 keep=0.829 migrations=2.10 feasible=False
episode=020 upper_loss=276.9805 lower_loss=2.1059 sla=0.6099 migrations=9.0 reward=-50.853
episode=021 upper_loss=329.8479 lower_loss=3.1502 sla=0.7013 migrations=7.0 reward=-55.531
episode=022 upper_loss=219.6773 lower_loss=2.0897 sla=0.6734 migrations=11.0 reward=-51.008
episode=023 upper_loss=136.4451 lower_loss=1.9520 sla=0.5731 migrations=9.0 reward=-40.428
episode=024 upper_loss=177.6926 lower_loss=2.0584 sla=0.6284 migrations=12.0 reward=-45.569
episode=025 upper_loss=211.3064 lower_loss=1.5822 sla=0.5543 migrations=7.0 reward=-50.024
episode=026 upper_loss=220.6904 lower_loss=0.8318 sla=0.6799 migrations=11.0 reward=-48.626
episode=027 upper_loss=176.4329 lower_loss=23.6862 sla=0.7155 migrations=5.0 reward=-49.501
episode=028 upper_loss=216.4824 lower_loss=2.7734 sla=0.6717 migrations=8.0 reward=-57.929
episode=029 upper_loss=241.3285 lower_loss=1.1331 sla=0.5033 migrations=7.0 reward=-46.690
validation episode=030 sla=0.5943 risk=-0.11265 keep=0.868 migrations=1.20 feasible=False
episode=030 upper_loss=141.8413 lower_loss=13.9764 sla=0.6650 migrations=5.0 reward=-46.673
episode=031 upper_loss=104.3126 lower_loss=0.9151 sla=0.5000 migrations=8.0 reward=-32.790
episode=032 upper_loss=319.9278 lower_loss=1.4030 sla=0.6740 migrations=6.0 reward=-53.572
episode=033 upper_loss=194.4445 lower_loss=1.6368 sla=0.6283 migrations=11.0 reward=-49.563
episode=034 upper_loss=148.6399 lower_loss=1.0826 sla=0.6806 migrations=10.0 reward=-41.600
episode=035 upper_loss=245.5697 lower_loss=1.2017 sla=0.5031 migrations=10.0 reward=-52.989
episode=036 upper_loss=94.9630 lower_loss=1.1077 sla=0.6189 migrations=6.0 reward=-37.275
episode=037 upper_loss=132.4453 lower_loss=2.7869 sla=0.6348 migrations=9.0 reward=-43.249
episode=038 upper_loss=137.9490 lower_loss=1.7417 sla=0.5684 migrations=7.0 reward=-39.696
episode=039 upper_loss=195.0137 lower_loss=1.3563 sla=0.6040 migrations=12.0 reward=-48.602
validation episode=040 sla=0.5927 risk=-0.05071 keep=0.911 migrations=1.30 feasible=False
episode=040 upper_loss=85.3783 lower_loss=0.7549 sla=0.6604 migrations=6.0 reward=-36.801
episode=041 upper_loss=171.8169 lower_loss=2.3899 sla=0.5960 migrations=6.0 reward=-47.635
episode=042 upper_loss=108.8388 lower_loss=0.5941 sla=0.5899 migrations=7.0 reward=-34.849
episode=043 upper_loss=110.2969 lower_loss=1.4445 sla=0.7256 migrations=8.0 reward=-37.805
episode=044 upper_loss=162.0734 lower_loss=0.8979 sla=0.5846 migrations=10.0 reward=-46.997
episode=045 upper_loss=253.3911 lower_loss=0.5703 sla=0.6118 migrations=8.0 reward=-48.904
episode=046 upper_loss=177.3752 lower_loss=1.0668 sla=0.5928 migrations=7.0 reward=-46.226
episode=047 upper_loss=222.2688 lower_loss=8.4744 sla=0.5320 migrations=11.0 reward=-55.525
episode=048 upper_loss=192.1212 lower_loss=0.8646 sla=0.6038 migrations=10.0 reward=-49.594
episode=049 upper_loss=197.0915 lower_loss=1.0658 sla=0.5871 migrations=9.0 reward=-50.546
validation episode=050 sla=0.5927 risk=+0.00000 keep=0.982 migrations=0.30 feasible=True
episode=050 upper_loss=168.0374 lower_loss=3.2913 sla=0.5276 migrations=10.0 reward=-52.351
episode=051 upper_loss=107.1776 lower_loss=4.0139 sla=0.5923 migrations=7.0 reward=-39.494
episode=052 upper_loss=90.3040 lower_loss=0.5360 sla=0.5962 migrations=5.0 reward=-34.985
episode=053 upper_loss=136.6698 lower_loss=1.0645 sla=0.5000 migrations=7.0 reward=-42.285
episode=054 upper_loss=145.6419 lower_loss=-0.0222 sla=0.5042 migrations=5.0 reward=-34.065
episode=055 upper_loss=230.6660 lower_loss=0.5986 sla=0.6005 migrations=9.0 reward=-49.578
episode=056 upper_loss=193.2564 lower_loss=0.4916 sla=0.5803 migrations=5.0 reward=-46.598
episode=057 upper_loss=294.7648 lower_loss=1.4420 sla=0.5922 migrations=8.0 reward=-56.711
episode=058 upper_loss=216.8468 lower_loss=0.1687 sla=0.6451 migrations=9.0 reward=-47.090
episode=059 upper_loss=106.0526 lower_loss=1.6681 sla=0.6475 migrations=10.0 reward=-44.532
validation episode=060 sla=0.5927 risk=+0.00000 keep=0.996 migrations=0.20 feasible=True
episode=060 upper_loss=140.2980 lower_loss=0.3054 sla=0.6993 migrations=1.0 reward=-42.434
episode=061 upper_loss=200.6392 lower_loss=0.3295 sla=0.7395 migrations=5.0 reward=-43.302
episode=062 upper_loss=110.5958 lower_loss=0.3651 sla=0.6561 migrations=7.0 reward=-38.663
episode=063 upper_loss=220.1501 lower_loss=0.8550 sla=0.6534 migrations=7.0 reward=-51.078
episode=064 upper_loss=237.6971 lower_loss=0.8527 sla=0.5995 migrations=7.0 reward=-51.275
episode=065 upper_loss=246.0749 lower_loss=1.2196 sla=0.6779 migrations=9.0 reward=-47.752
episode=066 upper_loss=289.5296 lower_loss=0.6135 sla=0.6406 migrations=8.0 reward=-52.498
episode=067 upper_loss=136.0300 lower_loss=1.2409 sla=0.6497 migrations=9.0 reward=-42.718
episode=068 upper_loss=131.3696 lower_loss=0.4767 sla=0.5602 migrations=4.0 reward=-41.922
episode=069 upper_loss=161.0387 lower_loss=-0.0841 sla=0.4801 migrations=10.0 reward=-40.340
validation episode=070 sla=0.5927 risk=+0.00000 keep=0.996 migrations=0.20 feasible=True
episode=070 upper_loss=143.1776 lower_loss=-0.3292 sla=0.5696 migrations=8.0 reward=-41.467
episode=071 upper_loss=119.6691 lower_loss=0.4982 sla=0.5011 migrations=7.0 reward=-41.929
episode=072 upper_loss=223.2082 lower_loss=1.0210 sla=0.6541 migrations=6.0 reward=-56.962
episode=073 upper_loss=149.8648 lower_loss=1.4022 sla=0.6177 migrations=6.0 reward=-48.028
episode=074 upper_loss=288.5544 lower_loss=0.1759 sla=0.6214 migrations=6.0 reward=-56.495
episode=075 upper_loss=185.2165 lower_loss=0.1112 sla=0.6451 migrations=10.0 reward=-52.496
episode=076 upper_loss=105.2468 lower_loss=0.2114 sla=0.6871 migrations=9.0 reward=-38.532
episode=077 upper_loss=123.3167 lower_loss=0.0190 sla=0.6416 migrations=8.0 reward=-40.854
episode=078 upper_loss=203.8615 lower_loss=2.1084 sla=0.6969 migrations=4.0 reward=-48.756
episode=079 upper_loss=146.3332 lower_loss=0.4374 sla=0.5899 migrations=6.0 reward=-41.638
validation episode=080 sla=0.5927 risk=+0.00000 keep=1.000 migrations=0.00 feasible=False
episode=080 upper_loss=94.6552 lower_loss=0.3210 sla=0.5572 migrations=8.0 reward=-38.741
episode=081 upper_loss=98.9458 lower_loss=0.2276 sla=0.6557 migrations=5.0 reward=-38.961
episode=082 upper_loss=122.4278 lower_loss=0.5248 sla=0.5763 migrations=5.0 reward=-40.561
episode=083 upper_loss=151.9237 lower_loss=0.3886 sla=0.6053 migrations=4.0 reward=-41.961
episode=084 upper_loss=84.6038 lower_loss=0.1543 sla=0.6835 migrations=5.0 reward=-35.129
episode=085 upper_loss=189.0495 lower_loss=0.3362 sla=0.6082 migrations=8.0 reward=-45.610
episode=086 upper_loss=197.8909 lower_loss=0.9410 sla=0.6851 migrations=9.0 reward=-52.041
episode=087 upper_loss=210.6028 lower_loss=0.4473 sla=0.5660 migrations=11.0 reward=-55.712
episode=088 upper_loss=207.5803 lower_loss=0.0032 sla=0.5362 migrations=10.0 reward=-56.472
episode=089 upper_loss=147.5366 lower_loss=0.7077 sla=0.5870 migrations=10.0 reward=-41.752
validation episode=090 sla=0.5927 risk=+0.00000 keep=0.998 migrations=0.00 feasible=False
episode=090 upper_loss=179.2690 lower_loss=0.5242 sla=0.5775 migrations=6.0 reward=-42.354
episode=091 upper_loss=99.1663 lower_loss=0.8049 sla=0.6547 migrations=7.0 reward=-40.469
episode=092 upper_loss=98.2032 lower_loss=4.1574 sla=0.6469 migrations=8.0 reward=-38.298
episode=093 upper_loss=154.8751 lower_loss=-0.0044 sla=0.5748 migrations=9.0 reward=-42.973
episode=094 upper_loss=129.4371 lower_loss=0.4504 sla=0.6403 migrations=5.0 reward=-44.680
episode=095 upper_loss=153.8820 lower_loss=0.6659 sla=0.5350 migrations=10.0 reward=-48.792
episode=096 upper_loss=108.2490 lower_loss=0.4222 sla=0.5634 migrations=3.0 reward=-41.515
episode=097 upper_loss=68.1636 lower_loss=1.5495 sla=0.6395 migrations=5.0 reward=-35.873
episode=098 upper_loss=47.1410 lower_loss=0.3106 sla=0.5641 migrations=4.0 reward=-28.252
episode=099 upper_loss=184.1747 lower_loss=0.6676 sla=0.5740 migrations=7.0 reward=-46.619
validation episode=100 sla=0.5919 risk=-0.16338 keep=0.990 migrations=0.10 feasible=False
episode=100 upper_loss=179.2899 lower_loss=3.2142 sla=0.6175 migrations=8.0 reward=-46.996
episode=101 upper_loss=147.6258 lower_loss=10.5805 sla=0.6122 migrations=6.0 reward=-56.556
episode=102 upper_loss=74.8216 lower_loss=2.1894 sla=0.5646 migrations=8.0 reward=-33.611
episode=103 upper_loss=185.6403 lower_loss=-0.5963 sla=0.5118 migrations=9.0 reward=-44.175
episode=104 upper_loss=182.4901 lower_loss=3.5962 sla=0.6494 migrations=7.0 reward=-54.140
episode=105 upper_loss=354.6667 lower_loss=0.5493 sla=0.7098 migrations=11.0 reward=-66.310
episode=106 upper_loss=129.2119 lower_loss=0.2393 sla=0.6303 migrations=10.0 reward=-44.909
episode=107 upper_loss=146.8695 lower_loss=-0.0961 sla=0.5996 migrations=8.0 reward=-41.617
episode=108 upper_loss=93.2020 lower_loss=0.4973 sla=0.6803 migrations=9.0 reward=-43.731
episode=109 upper_loss=171.1614 lower_loss=0.3531 sla=0.6116 migrations=9.0 reward=-49.660
validation episode=110 sla=0.5927 risk=+0.00000 keep=0.996 migrations=0.00 feasible=False
episode=110 upper_loss=198.2613 lower_loss=0.2830 sla=0.6343 migrations=9.0 reward=-51.121
episode=111 upper_loss=82.9079 lower_loss=1.0236 sla=0.6206 migrations=7.0 reward=-38.674
episode=112 upper_loss=70.9207 lower_loss=0.0511 sla=0.6667 migrations=7.0 reward=-39.273
episode=113 upper_loss=67.7325 lower_loss=0.3691 sla=0.5718 migrations=7.0 reward=-37.659
episode=114 upper_loss=107.8576 lower_loss=0.8506 sla=0.6492 migrations=7.0 reward=-47.124
episode=115 upper_loss=158.4444 lower_loss=0.8183 sla=0.6293 migrations=8.0 reward=-50.781
episode=116 upper_loss=108.5659 lower_loss=0.2921 sla=0.6754 migrations=6.0 reward=-43.760
episode=117 upper_loss=134.3124 lower_loss=6.5425 sla=0.6162 migrations=6.0 reward=-60.648
episode=118 upper_loss=189.6472 lower_loss=0.3069 sla=0.6168 migrations=9.0 reward=-50.285
episode=119 upper_loss=74.3832 lower_loss=0.1525 sla=0.5853 migrations=6.0 reward=-33.800
validation episode=120 sla=0.5927 risk=+0.00000 keep=1.000 migrations=0.00 feasible=False
episode=120 upper_loss=91.9483 lower_loss=0.3250 sla=0.6195 migrations=7.0 reward=-43.131
episode=121 upper_loss=121.8156 lower_loss=0.2474 sla=0.6356 migrations=8.0 reward=-44.851
episode=122 upper_loss=285.1344 lower_loss=1.7899 sla=0.6698 migrations=7.0 reward=-58.529
episode=123 upper_loss=73.1495 lower_loss=0.3220 sla=0.7100 migrations=10.0 reward=-36.781
episode=124 upper_loss=86.1159 lower_loss=-0.1425 sla=0.5121 migrations=8.0 reward=-36.992
episode=125 upper_loss=69.0300 lower_loss=0.8314 sla=0.4582 migrations=3.0 reward=-36.411
episode=126 upper_loss=157.1126 lower_loss=0.3868 sla=0.7102 migrations=11.0 reward=-53.957
episode=127 upper_loss=103.3277 lower_loss=0.7035 sla=0.7288 migrations=6.0 reward=-43.790
episode=128 upper_loss=87.6045 lower_loss=15.0606 sla=0.5704 migrations=5.0 reward=-51.987
episode=129 upper_loss=97.1163 lower_loss=0.5813 sla=0.6322 migrations=4.0 reward=-38.699
validation episode=130 sla=0.5927 risk=+0.00000 keep=1.000 migrations=0.00 feasible=False
episode=130 upper_loss=91.6297 lower_loss=0.6018 sla=0.5198 migrations=9.0 reward=-46.835
episode=131 upper_loss=127.9915 lower_loss=0.1423 sla=0.6477 migrations=5.0 reward=-47.312
episode=132 upper_loss=164.0015 lower_loss=1.3094 sla=0.5329 migrations=8.0 reward=-52.939
episode=133 upper_loss=88.8596 lower_loss=0.1095 sla=0.7264 migrations=4.0 reward=-37.124
episode=134 upper_loss=84.0754 lower_loss=0.7172 sla=0.5888 migrations=7.0 reward=-41.603
episode=135 upper_loss=72.1466 lower_loss=0.4204 sla=0.6923 migrations=6.0 reward=-40.100
episode=136 upper_loss=26.8041 lower_loss=0.4176 sla=0.6497 migrations=5.0 reward=-31.712
episode=137 upper_loss=107.7114 lower_loss=0.8255 sla=0.6724 migrations=7.0 reward=-48.380
episode=138 upper_loss=135.7830 lower_loss=7.0354 sla=0.4988 migrations=10.0 reward=-60.899
episode=139 upper_loss=50.2588 lower_loss=1.5024 sla=0.5529 migrations=5.0 reward=-43.150
validation episode=140 sla=0.5927 risk=+0.00000 keep=1.000 migrations=0.00 feasible=False
episode=140 upper_loss=72.8858 lower_loss=0.0650 sla=0.5901 migrations=5.0 reward=-42.415
episode=141 upper_loss=67.7930 lower_loss=1.5767 sla=0.5491 migrations=10.0 reward=-41.839
episode=142 upper_loss=72.8933 lower_loss=0.7853 sla=0.5922 migrations=8.0 reward=-40.044
episode=143 upper_loss=87.7265 lower_loss=0.6841 sla=0.6651 migrations=6.0 reward=-42.155
episode=144 upper_loss=135.3143 lower_loss=0.6233 sla=0.6970 migrations=8.0 reward=-48.615
episode=145 upper_loss=88.3125 lower_loss=-0.3312 sla=0.6200 migrations=6.0 reward=-39.346
episode=146 upper_loss=170.0043 lower_loss=0.1234 sla=0.7098 migrations=7.0 reward=-55.579
episode=147 upper_loss=165.0967 lower_loss=1.0383 sla=0.6308 migrations=9.0 reward=-54.575
episode=148 upper_loss=68.6815 lower_loss=0.3407 sla=0.6537 migrations=3.0 reward=-40.705
episode=149 upper_loss=50.4441 lower_loss=25.8986 sla=0.7422 migrations=5.0 reward=-41.484
validation episode=150 sla=0.5927 risk=+0.00000 keep=1.000 migrations=0.00 feasible=False
episode=150 upper_loss=180.2254 lower_loss=0.5778 sla=0.6788 migrations=8.0 reward=-52.385
episode=151 upper_loss=45.1396 lower_loss=-0.4192 sla=0.5000 migrations=3.0 reward=-36.634
episode=152 upper_loss=47.1495 lower_loss=0.4197 sla=0.5679 migrations=5.0 reward=-33.710
episode=153 upper_loss=42.7782 lower_loss=3.5767 sla=0.6075 migrations=9.0 reward=-38.390
episode=154 upper_loss=74.1000 lower_loss=11.3685 sla=0.6964 migrations=5.0 reward=-51.054
episode=155 upper_loss=67.3061 lower_loss=0.4720 sla=0.5707 migrations=9.0 reward=-45.214
episode=156 upper_loss=19.3726 lower_loss=5.9641 sla=0.6269 migrations=7.0 reward=-32.187
episode=157 upper_loss=51.8596 lower_loss=-0.1267 sla=0.6195 migrations=7.0 reward=-38.499
episode=158 upper_loss=88.4413 lower_loss=0.4011 sla=0.5495 migrations=9.0 reward=-44.753
episode=159 upper_loss=48.5570 lower_loss=0.1841 sla=0.6563 migrations=5.0 reward=-40.278
validation episode=160 sla=0.5927 risk=+0.00000 keep=1.000 migrations=0.00 feasible=False
episode=160 upper_loss=62.9649 lower_loss=2.7538 sla=0.5088 migrations=6.0 reward=-49.892
episode=161 upper_loss=45.3263 lower_loss=1.9147 sla=0.6228 migrations=8.0 reward=-36.865
episode=162 upper_loss=35.6342 lower_loss=1.1257 sla=0.5415 migrations=9.0 reward=-40.514
episode=163 upper_loss=25.8960 lower_loss=4.1747 sla=0.7089 migrations=7.0 reward=-27.086
episode=164 upper_loss=72.4334 lower_loss=0.5980 sla=0.5521 migrations=6.0 reward=-49.610
episode=165 upper_loss=68.7013 lower_loss=1.0254 sla=0.6018 migrations=7.0 reward=-39.733
episode=166 upper_loss=21.2939 lower_loss=-0.1408 sla=0.5729 migrations=3.0 reward=-27.788
episode=167 upper_loss=82.9920 lower_loss=0.5845 sla=0.6566 migrations=8.0 reward=-46.169
episode=168 upper_loss=17.7079 lower_loss=-0.5671 sla=0.5482 migrations=4.0 reward=-23.154
episode=169 upper_loss=53.0275 lower_loss=0.4623 sla=0.5290 migrations=8.0 reward=-48.739
validation episode=170 sla=0.5927 risk=+0.00000 keep=1.000 migrations=0.00 feasible=False
episode=170 upper_loss=57.5186 lower_loss=-0.1186 sla=0.6883 migrations=5.0 reward=-38.345
episode=171 upper_loss=100.1801 lower_loss=0.7938 sla=0.6937 migrations=5.0 reward=-45.560
episode=172 upper_loss=45.9275 lower_loss=0.7927 sla=0.6291 migrations=6.0 reward=-35.930
episode=173 upper_loss=38.0189 lower_loss=1.0352 sla=0.6193 migrations=5.0 reward=-40.025
episode=174 upper_loss=64.5687 lower_loss=1.3241 sla=0.7220 migrations=9.0 reward=-45.155
episode=175 upper_loss=56.8727 lower_loss=0.8194 sla=0.5671 migrations=6.0 reward=-41.293
episode=176 upper_loss=71.1622 lower_loss=-0.0603 sla=0.6753 migrations=6.0 reward=-41.473
episode=177 upper_loss=25.3113 lower_loss=-0.1083 sla=0.5616 migrations=5.0 reward=-31.038
episode=178 upper_loss=30.5205 lower_loss=0.2476 sla=0.6256 migrations=3.0 reward=-30.895
episode=179 upper_loss=65.1657 lower_loss=0.5296 sla=0.6730 migrations=9.0 reward=-45.225
validation episode=180 sla=0.5927 risk=+0.00000 keep=1.000 migrations=0.00 feasible=False
episode=180 upper_loss=30.1817 lower_loss=0.0751 sla=0.5728 migrations=3.0 reward=-29.128
episode=181 upper_loss=23.7420 lower_loss=0.4676 sla=0.6667 migrations=6.0 reward=-29.009
episode=182 upper_loss=46.0308 lower_loss=0.7774 sla=0.6773 migrations=6.0 reward=-40.001
episode=183 upper_loss=28.1473 lower_loss=0.3342 sla=0.5844 migrations=6.0 reward=-35.527
episode=184 upper_loss=20.2666 lower_loss=0.9614 sla=0.7179 migrations=5.0 reward=-34.197
episode=185 upper_loss=21.5432 lower_loss=1.3966 sla=0.5303 migrations=8.0 reward=-25.296
episode=186 upper_loss=45.6769 lower_loss=0.6209 sla=0.6009 migrations=2.0 reward=-37.169
episode=187 upper_loss=31.6682 lower_loss=0.1143 sla=0.6036 migrations=9.0 reward=-32.513
episode=188 upper_loss=54.4045 lower_loss=0.9064 sla=0.5213 migrations=4.0 reward=-40.891
episode=189 upper_loss=57.2471 lower_loss=0.3976 sla=0.6409 migrations=7.0 reward=-40.728
validation episode=190 sla=0.5927 risk=+0.00000 keep=1.000 migrations=0.00 feasible=False
episode=190 upper_loss=109.5814 lower_loss=0.4632 sla=0.6394 migrations=11.0 reward=-54.235
episode=191 upper_loss=34.8115 lower_loss=0.8908 sla=0.6979 migrations=3.0 reward=-32.678
episode=192 upper_loss=29.9187 lower_loss=0.0181 sla=0.7254 migrations=5.0 reward=-31.916
episode=193 upper_loss=37.8559 lower_loss=0.4277 sla=0.6946 migrations=2.0 reward=-34.485
episode=194 upper_loss=31.8359 lower_loss=-0.0104 sla=0.7180 migrations=3.0 reward=-36.589
episode=195 upper_loss=39.4863 lower_loss=0.2252 sla=0.6381 migrations=7.0 reward=-36.614
episode=196 upper_loss=80.5851 lower_loss=0.5483 sla=0.6817 migrations=8.0 reward=-50.809
episode=197 upper_loss=40.7267 lower_loss=0.3175 sla=0.6760 migrations=3.0 reward=-39.441
episode=198 upper_loss=24.4275 lower_loss=1.7587 sla=0.4964 migrations=2.0 reward=-35.558
episode=199 upper_loss=66.3408 lower_loss=0.6177 sla=0.5523 migrations=8.0 reward=-44.929
validation episode=200 sla=0.5927 risk=+0.00000 keep=1.000 migrations=0.00 feasible=False
